2020-03-10 15:46:02,487 [INFO]: #  From Excel import testsuite success
2020-03-10 15:46:08,394 [INFO]: #  ==================================================
2020-03-10 15:46:08,396 [INFO]: #  *** SETUP testcase ***
2020-03-10 15:46:08,403 [INFO]: #  >>> Run the TestCase: HOME_001|打开百度
2020-03-10 15:46:08,405 [INFO]: #  Run the Step: 1|通用|OPEN|通用-百度搜索链接
2020-03-10 15:46:10,525 [INFO]: #  --- success ---
2020-03-10 15:46:10,730 [INFO]: #  Run the Step: 2|百度搜索页面|CHECK|通用-页面title
2020-03-10 15:46:10,774 [INFO]: #  DATA:'百度一下\\，你就知道'
2020-03-10 15:46:10,797 [INFO]: #  REAL:'百度一下，你就知道'
2020-03-10 15:46:11,300 [ERROR]: #  +++ failure +++
Traceback (most recent call last):
  File "D:\Project\sweetest\sweetest\sweetest\keywords\web.py", line 23, in title
    assert data['text'] == g.driver.title
AssertionError

During handling of the above exception, another exception occurred:

Traceback (most recent call last):
  File "D:\Project\sweetest\sweetest\sweetest\testcase.py", line 137, in run
    element = getattr(web, step['keyword'].lower())(step)
  File "D:\Project\sweetest\sweetest\sweetest\keywords\web.py", line 93, in check
    var[by] = getattr(Common, by)(data, output)
  File "D:\Project\sweetest\sweetest\sweetest\keywords\web.py", line 25, in title
    raise Exception(f'Check Failure, DATA:{data["text"]}, REAL:{g.driver.title}')
Exception: Check Failure, DATA:百度一下\，你就知道, REAL:百度一下，你就知道
2020-03-10 15:46:11,312 [WARNING]: #  Run the testcase: BAIDU_001|搜索：自动化测试 blocked, SETUP is not success
2020-03-10 15:46:11,315 [INFO]: #  ==================================================
2020-03-10 15:46:11,317 [INFO]: #  *** SETUP testcase ***
2020-03-10 15:46:11,325 [INFO]: #  >>> Run the TestCase: HOME_001|打开百度
2020-03-10 15:46:11,327 [INFO]: #  Run the Step: 1|百度搜索页面|OPEN|通用-百度搜索链接
2020-03-10 15:46:12,426 [INFO]: #  --- success ---
2020-03-10 15:46:12,629 [INFO]: #  Run the Step: 2|百度搜索页面|CHECK|通用-页面title
2020-03-10 15:46:12,638 [INFO]: #  DATA:'百度一下\\，你就知道'
2020-03-10 15:46:12,657 [INFO]: #  REAL:'百度一下，你就知道'
2020-03-10 15:46:13,125 [ERROR]: #  +++ failure +++
Traceback (most recent call last):
  File "D:\Project\sweetest\sweetest\sweetest\keywords\web.py", line 23, in title
    assert data['text'] == g.driver.title
AssertionError

During handling of the above exception, another exception occurred:

Traceback (most recent call last):
  File "D:\Project\sweetest\sweetest\sweetest\testcase.py", line 137, in run
    element = getattr(web, step['keyword'].lower())(step)
  File "D:\Project\sweetest\sweetest\sweetest\keywords\web.py", line 93, in check
    var[by] = getattr(Common, by)(data, output)
  File "D:\Project\sweetest\sweetest\sweetest\keywords\web.py", line 25, in title
    raise Exception(f'Check Failure, DATA:{data["text"]}, REAL:{g.driver.title}')
Exception: Check Failure, DATA:百度一下\，你就知道, REAL:百度一下，你就知道
2020-03-10 15:46:13,130 [WARNING]: #  Run the testcase: BAIDU_002|搜索：搜狗 blocked, SETUP is not success
2020-03-10 15:46:13,134 [INFO]: #  ==================================================
2020-03-10 15:46:13,137 [INFO]: #  *** SETUP testcase ***
2020-03-10 15:46:13,148 [INFO]: #  >>> Run the TestCase: HOME_001|打开百度
2020-03-10 15:46:13,152 [INFO]: #  Run the Step: 1|百度搜索页面|OPEN|通用-百度搜索链接
2020-03-10 15:46:14,290 [INFO]: #  --- success ---
2020-03-10 15:46:14,494 [INFO]: #  Run the Step: 2|百度搜索页面|CHECK|通用-页面title
2020-03-10 15:46:14,510 [INFO]: #  DATA:'百度一下\\，你就知道'
2020-03-10 15:46:14,530 [INFO]: #  REAL:'百度一下，你就知道'
2020-03-10 15:46:15,017 [ERROR]: #  +++ failure +++
Traceback (most recent call last):
  File "D:\Project\sweetest\sweetest\sweetest\keywords\web.py", line 23, in title
    assert data['text'] == g.driver.title
AssertionError

During handling of the above exception, another exception occurred:

Traceback (most recent call last):
  File "D:\Project\sweetest\sweetest\sweetest\testcase.py", line 137, in run
    element = getattr(web, step['keyword'].lower())(step)
  File "D:\Project\sweetest\sweetest\sweetest\keywords\web.py", line 93, in check
    var[by] = getattr(Common, by)(data, output)
  File "D:\Project\sweetest\sweetest\sweetest\keywords\web.py", line 25, in title
    raise Exception(f'Check Failure, DATA:{data["text"]}, REAL:{g.driver.title}')
Exception: Check Failure, DATA:百度一下\，你就知道, REAL:百度一下，你就知道
2020-03-10 15:46:15,022 [WARNING]: #  Run the testcase: BAIDU_005|搜索：<测试数据> blocked, SETUP is not success
2020-03-10 15:46:17,283 [INFO]: #  --- Quit th Driver: Chrome
